------------------------------------------------------------
Timing Analyzer Summary
------------------------------------------------------------

Type  : Slow 1100mV 85C Model Setup 'clk'
Slack : -2.818
TNS   : -81.689

Type  : Slow 1100mV 85C Model Hold 'clk'
Slack : 0.398
TNS   : 0.000

Type  : Slow 1100mV 85C Model Minimum Pulse Width 'clk'
Slack : -0.538
TNS   : -26.201

Type  : Slow 1100mV 0C Model Setup 'clk'
Slack : -2.832
TNS   : -81.700

Type  : Slow 1100mV 0C Model Hold 'clk'
Slack : 0.380
TNS   : 0.000

Type  : Slow 1100mV 0C Model Minimum Pulse Width 'clk'
Slack : -0.538
TNS   : -26.698

Type  : Fast 1100mV 85C Model Setup 'clk'
Slack : -0.852
TNS   : -21.995

Type  : Fast 1100mV 85C Model Hold 'clk'
Slack : 0.180
TNS   : 0.000

Type  : Fast 1100mV 85C Model Minimum Pulse Width 'clk'
Slack : -0.095
TNS   : -3.161

Type  : Fast 1100mV 0C Model Setup 'clk'
Slack : -0.705
TNS   : -17.982

Type  : Fast 1100mV 0C Model Hold 'clk'
Slack : 0.171
TNS   : 0.000

Type  : Fast 1100mV 0C Model Minimum Pulse Width 'clk'
Slack : -0.097
TNS   : -3.220

------------------------------------------------------------
